Reporting period: June 01, 2021 - July 15, 2021
Summary
Total time logged: 47 hours 34 minutes
Work sessions completed: 59
Work sessions abandoned: 18

Averages
Average time logged per day: 1 hours 3 minutes
Completed sessions per day: 1
Abandoned sessions per day: 0

Work history (minutes)June 2021: 2814
July 2021: 40

Weekly breakdown (minutes)Sunday: 265
Monday: 391
Tuesday: 336
Wednesday: 536
Thursday: 553
Friday: 323
Saturday: 450

Hourly breakdown (minutes)12:00 AM: 94
01:00 AM: 188
02:00 AM: 147
03:00 AM: 46
04:00 AM: 209
05:00 AM: 32
06:00 AM: 178
07:00 AM: 173
08:00 AM: 206
09:00 AM: 148
10:00 AM: 131
11:00 AM: 72
12:00 PM: 143
01:00 PM: 30
02:00 PM: 38
03:00 PM: 152
04:00 PM: 30
05:00 PM: 177
06:00 PM: 133
07:00 PM: 184
08:00 PM: 93
09:00 PM: 106
10:00 PM: 69
11:00 PM: 75