Reporting period: January 01, 2021 - January 31, 2021
Summary
Total time logged: 59 hours 44 minutes
Work sessions completed: 76
Work sessions abandoned: 20

Averages
Average time logged per day: 1 hours 56 minutes
Completed sessions per day: 2
Abandoned sessions per day: 1

Tags
uncategorised: 59 hours 44 minutes

Work history (minutes)January 01, 2021: 0
January 02, 2021: 119
January 03, 2021: 74
January 04, 2021: 152
January 05, 2021: 212
January 06, 2021: 0
January 07, 2021: 68
January 08, 2021: 105
January 09, 2021: 143
January 10, 2021: 247
January 11, 2021: 82
January 12, 2021: 170
January 13, 2021: 150
January 14, 2021: 69
January 15, 2021: 206
January 16, 2021: 131
January 17, 2021: 0
January 18, 2021: 163
January 19, 2021: 255
January 20, 2021: 95
January 21, 2021: 133
January 22, 2021: 116
January 23, 2021: 56
January 24, 2021: 121
January 25, 2021: 10
January 26, 2021: 225
January 27, 2021: 232
January 28, 2021: 19
January 29, 2021: 0
January 30, 2021: 66
January 31, 2021: 165

Weekly breakdown (minutes)Sunday: 607
Monday: 407
Tuesday: 862
Wednesday: 477
Thursday: 289
Friday: 427
Saturday: 515

Hourly breakdown (minutes)12:00 AM: 95
01:00 AM: 111
02:00 AM: 112
03:00 AM: 229
04:00 AM: 118
05:00 AM: 188
06:00 AM: 278
07:00 AM: 191
08:00 AM: 165
09:00 AM: 51
10:00 AM: 302
11:00 AM: 63
12:00 PM: 68
01:00 PM: 104
02:00 PM: 108
03:00 PM: 225
04:00 PM: 252
05:00 PM: 179
06:00 PM: 179
07:00 PM: 158
08:00 PM: 148
09:00 PM: 89
10:00 PM: 154
11:00 PM: 17
