Reporting period: March 07, 2021 - March 15, 2021
Summary
Total time logged: 16 hours 40 minutes
Work sessions completed: 23
Work sessions abandoned: 1

Averages
Average time logged per day: 1 hours 51 minutes
Completed sessions per day: 3
Abandoned sessions per day: 0

Tags
uncategorised: 16 hours 40 minutes

Work history (minutes)March 07, 2021: 165
March 08, 2021: 78
March 09, 2021: 34
March 10, 2021: 172
March 11, 2021: 0
March 12, 2021: 212
March 13, 2021: 48
March 14, 2021: 98
March 15, 2021: 193

Weekly breakdown (minutes)Sunday: 263
Monday: 271
Tuesday: 34
Wednesday: 172
Thursday: 0
Friday: 212
Saturday: 48

Hourly breakdown (minutes)12:00 AM: 82
01:00 AM: 68
02:00 AM: 29
03:00 AM: 35
04:00 AM: 0
05:00 AM: 12
06:00 AM: 13
07:00 AM: 0
08:00 AM: 12
09:00 AM: 0
10:00 AM: 0
11:00 AM: 65
12:00 PM: 36
01:00 PM: 104
02:00 PM: 28
03:00 PM: 34
04:00 PM: 94
05:00 PM: 70
06:00 PM: 70
07:00 PM: 56
08:00 PM: 33
09:00 PM: 103
10:00 PM: 11
11:00 PM: 45
