Reporting period: January 01, 2021 - July 01, 2021
Summary
Total time logged: 310 hours 11 minutes
Work sessions completed: 391
Work sessions abandoned: 109

Averages
Average time logged per day: 1 hours 42 minutes
Completed sessions per day: 2
Abandoned sessions per day: 1

Work history (minutes)January 2021: 3584
February 2021: 2741
March 2021: 3790
April 2021: 2818
May 2021: 2824
June 2021: 2814
July 2021: 40


Weekly breakdown (minutes)Sunday: 2745
Monday: 2768
Tuesday: 2893
Wednesday: 2678
Thursday: 2365
Friday: 2338
Saturday: 2824


Hourly breakdown (minutes)12:00 AM: 652
01:00 AM: 961
02:00 AM: 598
03:00 AM: 675
04:00 AM: 899
05:00 AM: 896
06:00 AM: 1038
07:00 AM: 1076
08:00 AM: 878
09:00 AM: 657
10:00 AM: 850
11:00 AM: 453
12:00 PM: 704
01:00 PM: 548
02:00 PM: 618
03:00 PM: 784
04:00 PM: 817
05:00 PM: 994
06:00 PM: 888
07:00 PM: 840
08:00 PM: 668
09:00 PM: 802
10:00 PM: 631
11:00 PM: 684
